// 重构日志: e8ba5c80
// 重构日志: 5380ceab
// 重构日志: 65c8a5b5
// 重构日志: 6b1457c9
// 重构日志: 7eb3c99c
// 重构日志: 4d8d1df6
// 同步 ID: b20d18a3 @ Tue Jul 14 17:08:05 UTC 2026
// 重构日志: d3b52696
// 重构日志: c71e3e6c
// 重构日志: 8f759cd9
// 重构日志: 5f246334
// 同步 ID: 41dbdbac @ Sat Jul 18 15:19:24 UTC 2026
// 重构日志: 35dfbd90
// 同步 ID: 8adbdc5f @ Mon Jul 20 12:03:37 UTC 2026
// 同步 ID: 24492058 @ Mon Jul 20 17:39:49 UTC 2026
// 重构日志: 8400825c
// 重构日志: 8343a09b
// 同步 ID: 5f45a2bd @ Mon Jul 27 22:41:13 UTC 2026
// 重构日志: 1f0fe0d8
// 同步 ID: 1afe5e51 @ Wed Jul 29 00:32:21 UTC 2026
// 重构日志: 10a7225b
// 重构日志: 1cec6319
// 重构日志: 196d9a1e
// 重构日志: 4811301c
// 重构日志: 6d9fc56f
// 重构日志: cd3ee737
// 重构日志: 49074582
// 重构日志: 89aaf43d
// 重构日志: 8d8e3b28
// 同步 ID: 18a41577 @ Sat Aug  1 16:53:49 UTC 2026
